
> code-oss-dev@1.110.0 compile
> npm run gulp compile


> code-oss-dev@1.110.0 gulp
> node --max-old-space-size=8192 ./node_modules/gulp/bin/gulp.js compile

node:internal/modules/cjs/loader:1404
  throw err;
  ^

Error: Cannot find module '/mnt/trae/file/workspace/node_modules/gulp/bin/gulp.js'
[90m    at Function._resolveFilename (node:internal/modules/cjs/loader:1401:15)[39m
[90m    at defaultResolveImpl (node:internal/modules/cjs/loader:1057:19)[39m
[90m    at resolveForCJSWithHooks (node:internal/modules/cjs/loader:1062:22)[39m
[90m    at Function._load (node:internal/modules/cjs/loader:1211:37)[39m
[90m    at TracingChannel.traceSync (node:diagnostics_channel:322:14)[39m
[90m    at wrapModuleLoad (node:internal/modules/cjs/loader:235:24)[39m
[90m    at Function.executeUserEntryPoint [as runMain] (node:internal/modules/run_main:171:5)[39m
[90m    at node:internal/main/run_main_module:36:49[39m {
  code: [32m'MODULE_NOT_FOUND'[39m,
  requireStack: []
}

Node.js v22.16.0
