(node:275) Warning: The 'NO_COLOR' env is ignored due to the 'FORCE_COLOR' env being set.
(Use `node --trace-warnings ...` to show where the warning was created)
npm warn skipping integrity check for git dependency ssh://git@github.com/microsoft/vscode-gulp-electron.git
npm warn deprecated urix@0.1.0: Please see https://github.com/lydell/urix#deprecated
npm warn deprecated stable@0.1.8: Modern JS already guarantees Array#sort() is a stable sort, so this library is deprecated. See the compatibility table on MDN: https://developer.mozilla.org/en-US/docs/Web/JavaScript/Reference/Global_Objects/Array/sort#browser_compatibility
npm warn deprecated source-map-url@0.4.0: See https://github.com/lydell/source-map-url#deprecated
npm warn deprecated source-map-resolve@0.6.0: See https://github.com/lydell/source-map-resolve#deprecated
npm warn deprecated sinon@12.0.1: 16.1.1
npm warn deprecated resolve-url@0.2.1: https://github.com/lydell/resolve-url#deprecated
npm warn deprecated rimraf@2.6.3: Rimraf versions prior to v4 are no longer supported
npm warn deprecated osenv@0.1.5: This package is no longer supported.
npm warn deprecated keygrip@1.1.0: Package no longer supported. Contact Support at https://www.npmjs.com/support for more info.
npm warn deprecated is-data-descriptor@1.0.0: Please upgrade to v1.0.1
npm warn deprecated inflight@1.0.6: This module is not supported, and leaks memory. Do not use it. Check out lru-cache if you want a good and tested way to coalesce async requests by a key value, which is much more comprehensive and powerful.
npm warn deprecated is-accessor-descriptor@1.0.0: Please upgrade to v1.0.1
npm warn deprecated gulp-vinyl-zip@2.1.2: Package no longer supported. Contact Support at https://www.npmjs.com/support for more info.
npm warn deprecated glob@5.0.15: Glob versions prior to v9 are no longer supported
npm warn deprecated asar@3.0.3: Please use @electron/asar moving forward.  There is no API change, just a package name change
npm warn deprecated @azure/core-http@2.3.2: This package is no longer supported. Please migrate to use @azure/core-rest-pipeline
npm warn deprecated glob@7.2.3: Glob versions prior to v9 are no longer supported
npm warn deprecated glob@7.2.3: Glob versions prior to v9 are no longer supported
npm warn deprecated is-accessor-descriptor@0.1.6: Please upgrade to v0.1.7
npm warn deprecated is-data-descriptor@0.1.4: Please upgrade to v0.1.5
npm warn deprecated source-map-resolve@0.5.3: See https://github.com/lydell/source-map-resolve#deprecated
npm warn deprecated is-accessor-descriptor@0.1.6: Please upgrade to v0.1.7
npm warn deprecated is-data-descriptor@0.1.4: Please upgrade to v0.1.5
npm warn deprecated glob@7.1.7: Glob versions prior to v9 are no longer supported
npm warn deprecated is-data-descriptor@0.1.4: Please upgrade to v0.1.5
npm warn deprecated is-accessor-descriptor@0.1.6: Please upgrade to v0.1.7
npm warn deprecated glob@8.1.0: Glob versions prior to v9 are no longer supported
npm warn deprecated glob@7.1.7: Glob versions prior to v9 are no longer supported
npm warn deprecated chokidar@2.1.8: Chokidar 2 does not receive security updates since 2019. Upgrade to chokidar 3 with 15x fewer dependencies
npm warn deprecated glob@7.1.6: Glob versions prior to v9 are no longer supported
npm warn deprecated is-accessor-descriptor@0.1.6: Please upgrade to v0.1.7
npm warn deprecated is-data-descriptor@0.1.4: Please upgrade to v0.1.5
npm warn deprecated is-data-descriptor@0.1.4: Please upgrade to v0.1.5
npm warn deprecated is-accessor-descriptor@0.1.6: Please upgrade to v0.1.7
npm warn deprecated glob@7.1.6: Glob versions prior to v9 are no longer supported
